--- SYNC FOREVER LOG START ---
[2026-04-01 17:52:01] [DEVOLUÇÕES] ERROR: (node:104992) Warning: SECURITY WARNING: The SSL modes 'prefer', 'require', and 'verify-ca' are treated as aliases for 'verify-full'.
In the next major version (pg-connection-string v3.0.0 and pg v9.0.0), these modes will adopt standard libpq semantics, which have weaker security guarantees.

To prepare for this change:
- If you want the current behavior, explicitly use 'sslmode=verify-full'
- If you want libpq compatibility now, use 'uselibpqcompat=true&sslmode=require'

See https://www.postgresql.org/docs/current/libpq-ssl.html for libpq SSL mode definitions.
(Use `node --trace-warnings ...` to show where the warning was created)
[2026-04-01 17:52:01] [PEDIDOS] ERROR: (node:91664) Warning: SECURITY WARNING: The SSL modes 'prefer', 'require', and 'verify-ca' are treated as aliases for 'verify-full'.
In the next major version (pg-connection-string v3.0.0 and pg v9.0.0), these modes will adopt standard libpq semantics, which have weaker security guarantees.

To prepare for this change:
- If you want the current behavior, explicitly use 'sslmode=verify-full'
- If you want libpq compatibility now, use 'uselibpqcompat=true&sslmode=require'

See https://www.postgresql.org/docs/current/libpq-ssl.html for libpq SSL mode definitions.
(Use `node --trace-warnings ...` to show where the warning was created)
[2026-04-01 17:52:01] [PRODUÇÃO] ERROR: (node:107560) Warning: SECURITY WARNING: The SSL modes 'prefer', 'require', and 'verify-ca' are treated as aliases for 'verify-full'.
In the next major version (pg-connection-string v3.0.0 and pg v9.0.0), these modes will adopt standard libpq semantics, which have weaker security guarantees.

To prepare for this change:
- If you want the current behavior, explicitly use 'sslmode=verify-full'
- If you want libpq compatibility now, use 'uselibpqcompat=true&sslmode=require'

See https://www.postgresql.org/docs/current/libpq-ssl.html for libpq SSL mode definitions.
(Use `node --trace-warnings ...` to show where the warning was created)
[2026-04-01 17:52:01] [REFUGOS] ERROR: (node:107480) Warning: SECURITY WARNING: The SSL modes 'prefer', 'require', and 'verify-ca' are treated as aliases for 'verify-full'.
In the next major version (pg-connection-string v3.0.0 and pg v9.0.0), these modes will adopt standard libpq semantics, which have weaker security guarantees.

To prepare for this change:
- If you want the current behavior, explicitly use 'sslmode=verify-full'
- If you want libpq compatibility now, use 'uselibpqcompat=true&sslmode=require'

See https://www.postgresql.org/docs/current/libpq-ssl.html for libpq SSL mode definitions.
(Use `node --trace-warnings ...` to show where the warning was created)
[2026-04-01 17:52:01] [FATURAMENTO] ERROR: (node:107524) Warning: SECURITY WARNING: The SSL modes 'prefer', 'require', and 'verify-ca' are treated as aliases for 'verify-full'.
In the next major version (pg-connection-string v3.0.0 and pg v9.0.0), these modes will adopt standard libpq semantics, which have weaker security guarantees.

To prepare for this change:
- If you want the current behavior, explicitly use 'sslmode=verify-full'
- If you want libpq compatibility now, use 'uselibpqcompat=true&sslmode=require'

See https://www.postgresql.org/docs/current/libpq-ssl.html for libpq SSL mode definitions.
(Use `node --trace-warnings ...` to show where the warning was created)
[2026-04-01 17:52:03] [DEVOLUÇÕES] ERROR: ❌ Erro ao salvar no Postgres: ReferenceError: inserted is not defined
    at C:\Users\brasi\Desktop\server\scripts\sync-devolucoes.js:138:21
    at process.processTicksAndRejections (node:internal/process/task_queues:103:5)
[2026-04-01 17:52:05] [CUSTOS] ERROR: (node:107240) Warning: SECURITY WARNING: The SSL modes 'prefer', 'require', and 'verify-ca' are treated as aliases for 'verify-full'.
In the next major version (pg-connection-string v3.0.0 and pg v9.0.0), these modes will adopt standard libpq semantics, which have weaker security guarantees.

To prepare for this change:
- If you want the current behavior, explicitly use 'sslmode=verify-full'
- If you want libpq compatibility now, use 'uselibpqcompat=true&sslmode=require'

See https://www.postgresql.org/docs/current/libpq-ssl.html for libpq SSL mode definitions.
(Use `node --trace-warnings ...` to show where the warning was created)
[2026-04-01 17:52:07] [CUSTOS] ERROR: ❌ Erro ao criar tabela no Postgres: error: duplicate key value violates unique constraint "idx_custos_unique_upsert"
    at C:\Users\brasi\Desktop\server\node_modules\pg\lib\client.js:588:17
    at process.processTicksAndRejections (node:internal/process/task_queues:103:5)
    at async createTableIfNotExists (C:\Users\brasi\Desktop\server\scripts\sync-custos-firebird-postgres.js:22:9)
    at async syncData (C:\Users\brasi\Desktop\server\scripts\sync-custos-firebird-postgres.js:213:13) {
  length: 360,
  severity: 'ERROR',
  code: '23505',
  detail: 'Key (categoria, documento, produto_cod, fornecedor, data_emissao, valor)=(setores, 1000026372, , EXPRESSO COLETIVO FORQUILHINHA LTDA, 2026-01-05, 500.00) already exists.',
  hint: undefined,
  position: undefined,
  internalPosition: undefined,
  internalQuery: undefined,
  where: undefined,
  schema: 'public',
  table: 'custos_registros',
  column: undefined,
  dataType: undefined,
  constraint: 'idx_custos_unique_upsert',
  file: 'nbtinsert.c',
  line: '667',
  routine: '_bt_check_unique'
}
[2026-04-01 17:52:07] [CUSTOS] ERROR: ❌ Erro inesperado durante as transações: error: duplicate key value violates unique constraint "idx_custos_unique_upsert"
    at C:\Users\brasi\Desktop\server\node_modules\pg\lib\client.js:588:17
    at process.processTicksAndRejections (node:internal/process/task_queues:103:5)
    at async createTableIfNotExists (C:\Users\brasi\Desktop\server\scripts\sync-custos-firebird-postgres.js:22:9)
    at async syncData (C:\Users\brasi\Desktop\server\scripts\sync-custos-firebird-postgres.js:213:13) {
  length: 360,
  severity: 'ERROR',
  code: '23505',
  detail: 'Key (categoria, documento, produto_cod, fornecedor, data_emissao, valor)=(setores, 1000026372, , EXPRESSO COLETIVO FORQUILHINHA LTDA, 2026-01-05, 500.00) already exists.',
  hint: undefined,
  position: undefined,
  internalPosition: undefined,
  internalQuery: undefined,
  where: undefined,
  schema: 'public',
  table: 'custos_registros',
  column: undefined,
  dataType: undefined,
  constraint: 'idx_custos_unique_upsert',
  file: 'nbtinsert.c',
  line: '667',
  routine: '_bt_check_unique'
}
[2026-04-01 17:52:18] [PEDIDOS] ERROR: (node:110248) Warning: SECURITY WARNING: The SSL modes 'prefer', 'require', and 'verify-ca' are treated as aliases for 'verify-full'.
In the next major version (pg-connection-string v3.0.0 and pg v9.0.0), these modes will adopt standard libpq semantics, which have weaker security guarantees.

To prepare for this change:
- If you want the current behavior, explicitly use 'sslmode=verify-full'
- If you want libpq compatibility now, use 'uselibpqcompat=true&sslmode=require'

See https://www.postgresql.org/docs/current/libpq-ssl.html for libpq SSL mode definitions.
(Use `node --trace-warnings ...` to show where the warning was created)
[2026-04-01 17:54:59] [DEVOLUÇÕES] INFO: (node:106936) Warning: SECURITY WARNING: The SSL modes 'prefer', 'require', and 'verify-ca' are treated as aliases for 'verify-full'.
In the next major version (pg-connection-string v3.0.0 and pg v9.0.0), these modes will adopt standard libpq semantics, which have weaker security guarantees.

To prepare for this change:
- If you want the current behavior, explicitly use 'sslmode=verify-full'
- If you want libpq compatibility now, use 'uselibpqcompat=true&sslmode=require'

See https://www.postgresql.org/docs/current/libpq-ssl.html for libpq SSL mode definitions.
(Use `node --trace-warnings ...` to show where the warning was created)
[2026-04-01 17:54:59] [PEDIDOS] INFO: (node:97340) Warning: SECURITY WARNING: The SSL modes 'prefer', 'require', and 'verify-ca' are treated as aliases for 'verify-full'.
In the next major version (pg-connection-string v3.0.0 and pg v9.0.0), these modes will adopt standard libpq semantics, which have weaker security guarantees.

To prepare for this change:
- If you want the current behavior, explicitly use 'sslmode=verify-full'
- If you want libpq compatibility now, use 'uselibpqcompat=true&sslmode=require'

See https://www.postgresql.org/docs/current/libpq-ssl.html for libpq SSL mode definitions.
(Use `node --trace-warnings ...` to show where the warning was created)
[2026-04-01 17:54:59] [PRODUÇÃO] INFO: (node:76688) Warning: SECURITY WARNING: The SSL modes 'prefer', 'require', and 'verify-ca' are treated as aliases for 'verify-full'.
In the next major version (pg-connection-string v3.0.0 and pg v9.0.0), these modes will adopt standard libpq semantics, which have weaker security guarantees.

To prepare for this change:
- If you want the current behavior, explicitly use 'sslmode=verify-full'
- If you want libpq compatibility now, use 'uselibpqcompat=true&sslmode=require'

See https://www.postgresql.org/docs/current/libpq-ssl.html for libpq SSL mode definitions.
(Use `node --trace-warnings ...` to show where the warning was created)
[2026-04-01 17:54:59] [REFUGOS] INFO: (node:108024) Warning: SECURITY WARNING: The SSL modes 'prefer', 'require', and 'verify-ca' are treated as aliases for 'verify-full'.
In the next major version (pg-connection-string v3.0.0 and pg v9.0.0), these modes will adopt standard libpq semantics, which have weaker security guarantees.

To prepare for this change:
- If you want the current behavior, explicitly use 'sslmode=verify-full'
- If you want libpq compatibility now, use 'uselibpqcompat=true&sslmode=require'

See https://www.postgresql.org/docs/current/libpq-ssl.html for libpq SSL mode definitions.
(Use `node --trace-warnings ...` to show where the warning was created)
[2026-04-01 17:54:59] [FATURAMENTO] INFO: (node:76972) Warning: SECURITY WARNING: The SSL modes 'prefer', 'require', and 'verify-ca' are treated as aliases for 'verify-full'.
In the next major version (pg-connection-string v3.0.0 and pg v9.0.0), these modes will adopt standard libpq semantics, which have weaker security guarantees.

To prepare for this change:
- If you want the current behavior, explicitly use 'sslmode=verify-full'
- If you want libpq compatibility now, use 'uselibpqcompat=true&sslmode=require'

See https://www.postgresql.org/docs/current/libpq-ssl.html for libpq SSL mode definitions.
(Use `node --trace-warnings ...` to show where the warning was created)
[2026-04-01 17:55:01] [DEVOLUÇÕES] ERROR: ❌ Erro ao salvar no Postgres: ReferenceError: inserted is not defined
    at C:\Users\brasi\Desktop\server\scripts\sync-devolucoes.js:138:21
    at process.processTicksAndRejections (node:internal/process/task_queues:103:5)
[2026-04-01 17:55:05] [CUSTOS] INFO: (node:75248) Warning: SECURITY WARNING: The SSL modes 'prefer', 'require', and 'verify-ca' are treated as aliases for 'verify-full'.
In the next major version (pg-connection-string v3.0.0 and pg v9.0.0), these modes will adopt standard libpq semantics, which have weaker security guarantees.

To prepare for this change:
- If you want the current behavior, explicitly use 'sslmode=verify-full'
- If you want libpq compatibility now, use 'uselibpqcompat=true&sslmode=require'

See https://www.postgresql.org/docs/current/libpq-ssl.html for libpq SSL mode definitions.
(Use `node --trace-warnings ...` to show where the warning was created)
[2026-04-01 17:55:07] [CUSTOS] ERROR: ❌ Erro ao criar tabela no Postgres: error: duplicate key value violates unique constraint "idx_custos_unique_upsert"
    at C:\Users\brasi\Desktop\server\node_modules\pg\lib\client.js:588:17
    at process.processTicksAndRejections (node:internal/process/task_queues:103:5)
    at async createTableIfNotExists (C:\Users\brasi\Desktop\server\scripts\sync-custos-firebird-postgres.js:22:9)
    at async syncData (C:\Users\brasi\Desktop\server\scripts\sync-custos-firebird-postgres.js:218:13) {
  length: 360,
  severity: 'ERROR',
  code: '23505',
  detail: 'Key (categoria, documento, produto_cod, fornecedor, data_emissao, valor)=(setores, 1000026372, , EXPRESSO COLETIVO FORQUILHINHA LTDA, 2026-01-05, 500.00) already exists.',
  hint: undefined,
  position: undefined,
  internalPosition: undefined,
  internalQuery: undefined,
  where: undefined,
  schema: 'public',
  table: 'custos_registros',
  column: undefined,
  dataType: undefined,
  constraint: 'idx_custos_unique_upsert',
  file: 'nbtinsert.c',
  line: '667',
  routine: '_bt_check_unique'
}
[2026-04-01 17:55:07] [CUSTOS] ERROR: ❌ Erro inesperado durante as transações: error: duplicate key value violates unique constraint "idx_custos_unique_upsert"
    at C:\Users\brasi\Desktop\server\node_modules\pg\lib\client.js:588:17
    at process.processTicksAndRejections (node:internal/process/task_queues:103:5)
    at async createTableIfNotExists (C:\Users\brasi\Desktop\server\scripts\sync-custos-firebird-postgres.js:22:9)
    at async syncData (C:\Users\brasi\Desktop\server\scripts\sync-custos-firebird-postgres.js:218:13) {
  length: 360,
  severity: 'ERROR',
  code: '23505',
  detail: 'Key (categoria, documento, produto_cod, fornecedor, data_emissao, valor)=(setores, 1000026372, , EXPRESSO COLETIVO FORQUILHINHA LTDA, 2026-01-05, 500.00) already exists.',
  hint: undefined,
  position: undefined,
  internalPosition: undefined,
  internalQuery: undefined,
  where: undefined,
  schema: 'public',
  table: 'custos_registros',
  column: undefined,
  dataType: undefined,
  constraint: 'idx_custos_unique_upsert',
  file: 'nbtinsert.c',
  line: '667',
  routine: '_bt_check_unique'
}
[2026-04-01 17:55:16] [PEDIDOS] INFO: (node:109644) Warning: SECURITY WARNING: The SSL modes 'prefer', 'require', and 'verify-ca' are treated as aliases for 'verify-full'.
In the next major version (pg-connection-string v3.0.0 and pg v9.0.0), these modes will adopt standard libpq semantics, which have weaker security guarantees.

To prepare for this change:
- If you want the current behavior, explicitly use 'sslmode=verify-full'
- If you want libpq compatibility now, use 'uselibpqcompat=true&sslmode=require'

See https://www.postgresql.org/docs/current/libpq-ssl.html for libpq SSL mode definitions.
(Use `node --trace-warnings ...` to show where the warning was created)
[2026-04-01 17:57:56] [SYSTEM] INFO: Ciclo #1 finalizado em 177.83s
[2026-04-01 17:57:56] [PEDIDOS] INFO: (node:77208) Warning: SECURITY WARNING: The SSL modes 'prefer', 'require', and 'verify-ca' are treated as aliases for 'verify-full'.
In the next major version (pg-connection-string v3.0.0 and pg v9.0.0), these modes will adopt standard libpq semantics, which have weaker security guarantees.

To prepare for this change:
- If you want the current behavior, explicitly use 'sslmode=verify-full'
- If you want libpq compatibility now, use 'uselibpqcompat=true&sslmode=require'

See https://www.postgresql.org/docs/current/libpq-ssl.html for libpq SSL mode definitions.
(Use `node --trace-warnings ...` to show where the warning was created)
[2026-04-01 17:57:56] [DEVOLUÇÕES] INFO: (node:106016) Warning: SECURITY WARNING: The SSL modes 'prefer', 'require', and 'verify-ca' are treated as aliases for 'verify-full'.
In the next major version (pg-connection-string v3.0.0 and pg v9.0.0), these modes will adopt standard libpq semantics, which have weaker security guarantees.

To prepare for this change:
- If you want the current behavior, explicitly use 'sslmode=verify-full'
- If you want libpq compatibility now, use 'uselibpqcompat=true&sslmode=require'

See https://www.postgresql.org/docs/current/libpq-ssl.html for libpq SSL mode definitions.
(Use `node --trace-warnings ...` to show where the warning was created)
[2026-04-01 17:57:56] [PRODUÇÃO] INFO: (node:108596) Warning: SECURITY WARNING: The SSL modes 'prefer', 'require', and 'verify-ca' are treated as aliases for 'verify-full'.
In the next major version (pg-connection-string v3.0.0 and pg v9.0.0), these modes will adopt standard libpq semantics, which have weaker security guarantees.

To prepare for this change:
- If you want the current behavior, explicitly use 'sslmode=verify-full'
- If you want libpq compatibility now, use 'uselibpqcompat=true&sslmode=require'

See https://www.postgresql.org/docs/current/libpq-ssl.html for libpq SSL mode definitions.
(Use `node --trace-warnings ...` to show where the warning was created)
[2026-04-01 17:57:56] [FATURAMENTO] INFO: (node:107360) Warning: SECURITY WARNING: The SSL modes 'prefer', 'require', and 'verify-ca' are treated as aliases for 'verify-full'.
In the next major version (pg-connection-string v3.0.0 and pg v9.0.0), these modes will adopt standard libpq semantics, which have weaker security guarantees.

To prepare for this change:
- If you want the current behavior, explicitly use 'sslmode=verify-full'
- If you want libpq compatibility now, use 'uselibpqcompat=true&sslmode=require'

See https://www.postgresql.org/docs/current/libpq-ssl.html for libpq SSL mode definitions.
(Use `node --trace-warnings ...` to show where the warning was created)
[2026-04-01 17:57:56] [REFUGOS] INFO: (node:104032) Warning: SECURITY WARNING: The SSL modes 'prefer', 'require', and 'verify-ca' are treated as aliases for 'verify-full'.
In the next major version (pg-connection-string v3.0.0 and pg v9.0.0), these modes will adopt standard libpq semantics, which have weaker security guarantees.

To prepare for this change:
- If you want the current behavior, explicitly use 'sslmode=verify-full'
- If you want libpq compatibility now, use 'uselibpqcompat=true&sslmode=require'

See https://www.postgresql.org/docs/current/libpq-ssl.html for libpq SSL mode definitions.
(Use `node --trace-warnings ...` to show where the warning was created)
[2026-04-01 17:57:58] [DEVOLUÇÕES] ERROR: ❌ Erro ao salvar no Postgres: ReferenceError: inserted is not defined
    at C:\Users\brasi\Desktop\server\scripts\sync-devolucoes.js:138:21
    at process.processTicksAndRejections (node:internal/process/task_queues:103:5)
[2026-04-01 17:58:00] [CUSTOS] INFO: (node:100196) Warning: SECURITY WARNING: The SSL modes 'prefer', 'require', and 'verify-ca' are treated as aliases for 'verify-full'.
In the next major version (pg-connection-string v3.0.0 and pg v9.0.0), these modes will adopt standard libpq semantics, which have weaker security guarantees.

To prepare for this change:
- If you want the current behavior, explicitly use 'sslmode=verify-full'
- If you want libpq compatibility now, use 'uselibpqcompat=true&sslmode=require'

See https://www.postgresql.org/docs/current/libpq-ssl.html for libpq SSL mode definitions.
(Use `node --trace-warnings ...` to show where the warning was created)
[2026-04-01 17:58:02] [CUSTOS] ERROR: ❌ Erro ao criar tabela no Postgres: error: duplicate key value violates unique constraint "idx_custos_unique_upsert"
    at C:\Users\brasi\Desktop\server\node_modules\pg\lib\client.js:588:17
    at process.processTicksAndRejections (node:internal/process/task_queues:103:5)
    at async createTableIfNotExists (C:\Users\brasi\Desktop\server\scripts\sync-custos-firebird-postgres.js:22:9)
    at async syncData (C:\Users\brasi\Desktop\server\scripts\sync-custos-firebird-postgres.js:218:13) {
  length: 360,
  severity: 'ERROR',
  code: '23505',
  detail: 'Key (categoria, documento, produto_cod, fornecedor, data_emissao, valor)=(setores, 1000026372, , EXPRESSO COLETIVO FORQUILHINHA LTDA, 2026-01-05, 500.00) already exists.',
  hint: undefined,
  position: undefined,
  internalPosition: undefined,
  internalQuery: undefined,
  where: undefined,
  schema: 'public',
  table: 'custos_registros',
  column: undefined,
  dataType: undefined,
  constraint: 'idx_custos_unique_upsert',
  file: 'nbtinsert.c',
  line: '667',
  routine: '_bt_check_unique'
}
[2026-04-01 17:58:03] [CUSTOS] ERROR: ❌ Erro inesperado durante as transações: error: duplicate key value violates unique constraint "idx_custos_unique_upsert"
    at C:\Users\brasi\Desktop\server\node_modules\pg\lib\client.js:588:17
    at process.processTicksAndRejections (node:internal/process/task_queues:103:5)
    at async createTableIfNotExists (C:\Users\brasi\Desktop\server\scripts\sync-custos-firebird-postgres.js:22:9)
    at async syncData (C:\Users\brasi\Desktop\server\scripts\sync-custos-firebird-postgres.js:218:13) {
  length: 360,
  severity: 'ERROR',
  code: '23505',
  detail: 'Key (categoria, documento, produto_cod, fornecedor, data_emissao, valor)=(setores, 1000026372, , EXPRESSO COLETIVO FORQUILHINHA LTDA, 2026-01-05, 500.00) already exists.',
  hint: undefined,
  position: undefined,
  internalPosition: undefined,
  internalQuery: undefined,
  where: undefined,
  schema: 'public',
  table: 'custos_registros',
  column: undefined,
  dataType: undefined,
  constraint: 'idx_custos_unique_upsert',
  file: 'nbtinsert.c',
  line: '667',
  routine: '_bt_check_unique'
}
[2026-04-01 17:58:14] [PEDIDOS] INFO: (node:101972) Warning: SECURITY WARNING: The SSL modes 'prefer', 'require', and 'verify-ca' are treated as aliases for 'verify-full'.
In the next major version (pg-connection-string v3.0.0 and pg v9.0.0), these modes will adopt standard libpq semantics, which have weaker security guarantees.

To prepare for this change:
- If you want the current behavior, explicitly use 'sslmode=verify-full'
- If you want libpq compatibility now, use 'uselibpqcompat=true&sslmode=require'

See https://www.postgresql.org/docs/current/libpq-ssl.html for libpq SSL mode definitions.
(Use `node --trace-warnings ...` to show where the warning was created)
[2026-04-01 18:00:33] [FATURAMENTO] ERROR: ^C
[2026-04-01 18:00:33] [FATURAMENTO] ERROR: Finalizado com falha (código 3221225786)
[2026-04-01 18:00:35] [DEVOLUÇÕES] INFO: (node:84524) Warning: SECURITY WARNING: The SSL modes 'prefer', 'require', and 'verify-ca' are treated as aliases for 'verify-full'.
In the next major version (pg-connection-string v3.0.0 and pg v9.0.0), these modes will adopt standard libpq semantics, which have weaker security guarantees.

To prepare for this change:
- If you want the current behavior, explicitly use 'sslmode=verify-full'
- If you want libpq compatibility now, use 'uselibpqcompat=true&sslmode=require'

See https://www.postgresql.org/docs/current/libpq-ssl.html for libpq SSL mode definitions.
(Use `node --trace-warnings ...` to show where the warning was created)
[2026-04-01 18:00:35] [PEDIDOS] INFO: (node:88008) Warning: SECURITY WARNING: The SSL modes 'prefer', 'require', and 'verify-ca' are treated as aliases for 'verify-full'.
In the next major version (pg-connection-string v3.0.0 and pg v9.0.0), these modes will adopt standard libpq semantics, which have weaker security guarantees.

To prepare for this change:
- If you want the current behavior, explicitly use 'sslmode=verify-full'
- If you want libpq compatibility now, use 'uselibpqcompat=true&sslmode=require'

See https://www.postgresql.org/docs/current/libpq-ssl.html for libpq SSL mode definitions.
(Use `node --trace-warnings ...` to show where the warning was created)
[2026-04-01 18:00:35] [PRODUÇÃO] INFO: (node:89916) Warning: SECURITY WARNING: The SSL modes 'prefer', 'require', and 'verify-ca' are treated as aliases for 'verify-full'.
In the next major version (pg-connection-string v3.0.0 and pg v9.0.0), these modes will adopt standard libpq semantics, which have weaker security guarantees.

To prepare for this change:
- If you want the current behavior, explicitly use 'sslmode=verify-full'
- If you want libpq compatibility now, use 'uselibpqcompat=true&sslmode=require'

See https://www.postgresql.org/docs/current/libpq-ssl.html for libpq SSL mode definitions.
(Use `node --trace-warnings ...` to show where the warning was created)
[2026-04-01 18:00:35] [FATURAMENTO] INFO: (node:13524) Warning: SECURITY WARNING: The SSL modes 'prefer', 'require', and 'verify-ca' are treated as aliases for 'verify-full'.
In the next major version (pg-connection-string v3.0.0 and pg v9.0.0), these modes will adopt standard libpq semantics, which have weaker security guarantees.

To prepare for this change:
- If you want the current behavior, explicitly use 'sslmode=verify-full'
- If you want libpq compatibility now, use 'uselibpqcompat=true&sslmode=require'

See https://www.postgresql.org/docs/current/libpq-ssl.html for libpq SSL mode definitions.
(Use `node --trace-warnings ...` to show where the warning was created)
[2026-04-01 18:00:36] [REFUGOS] INFO: (node:105504) Warning: SECURITY WARNING: The SSL modes 'prefer', 'require', and 'verify-ca' are treated as aliases for 'verify-full'.
In the next major version (pg-connection-string v3.0.0 and pg v9.0.0), these modes will adopt standard libpq semantics, which have weaker security guarantees.

To prepare for this change:
- If you want the current behavior, explicitly use 'sslmode=verify-full'
- If you want libpq compatibility now, use 'uselibpqcompat=true&sslmode=require'

See https://www.postgresql.org/docs/current/libpq-ssl.html for libpq SSL mode definitions.
(Use `node --trace-warnings ...` to show where the warning was created)
[2026-04-01 18:00:37] [DEVOLUÇÕES] ERROR: ❌ Erro ao salvar no Postgres: ReferenceError: inserted is not defined
    at C:\Users\brasi\Desktop\server\scripts\sync-devolucoes.js:138:21
    at process.processTicksAndRejections (node:internal/process/task_queues:103:5)
[2026-04-01 18:00:39] [CUSTOS] INFO: (node:94316) Warning: SECURITY WARNING: The SSL modes 'prefer', 'require', and 'verify-ca' are treated as aliases for 'verify-full'.
In the next major version (pg-connection-string v3.0.0 and pg v9.0.0), these modes will adopt standard libpq semantics, which have weaker security guarantees.

To prepare for this change:
- If you want the current behavior, explicitly use 'sslmode=verify-full'
- If you want libpq compatibility now, use 'uselibpqcompat=true&sslmode=require'

See https://www.postgresql.org/docs/current/libpq-ssl.html for libpq SSL mode definitions.
(Use `node --trace-warnings ...` to show where the warning was created)
[2026-04-01 18:00:41] [CUSTOS] ERROR: ❌ Erro ao criar tabela no Postgres: error: duplicate key value violates unique constraint "idx_custos_unique_upsert"
    at C:\Users\brasi\Desktop\server\node_modules\pg\lib\client.js:588:17
    at process.processTicksAndRejections (node:internal/process/task_queues:103:5)
    at async createTableIfNotExists (C:\Users\brasi\Desktop\server\scripts\sync-custos-firebird-postgres.js:22:9)
    at async syncData (C:\Users\brasi\Desktop\server\scripts\sync-custos-firebird-postgres.js:218:13) {
  length: 360,
  severity: 'ERROR',
  code: '23505',
  detail: 'Key (categoria, documento, produto_cod, fornecedor, data_emissao, valor)=(setores, 1000026372, , EXPRESSO COLETIVO FORQUILHINHA LTDA, 2026-01-05, 500.00) already exists.',
  hint: undefined,
  position: undefined,
  internalPosition: undefined,
  internalQuery: undefined,
  where: undefined,
  schema: 'public',
  table: 'custos_registros',
  column: undefined,
  dataType: undefined,
  constraint: 'idx_custos_unique_upsert',
  file: 'nbtinsert.c',
  line: '667',
  routine: '_bt_check_unique'
}
[2026-04-01 18:00:42] [CUSTOS] ERROR: ❌ Erro inesperado durante as transações: error: duplicate key value violates unique constraint "idx_custos_unique_upsert"
    at C:\Users\brasi\Desktop\server\node_modules\pg\lib\client.js:588:17
    at process.processTicksAndRejections (node:internal/process/task_queues:103:5)
    at async createTableIfNotExists (C:\Users\brasi\Desktop\server\scripts\sync-custos-firebird-postgres.js:22:9)
    at async syncData (C:\Users\brasi\Desktop\server\scripts\sync-custos-firebird-postgres.js:218:13) {
  length: 360,
  severity: 'ERROR',
  code: '23505',
  detail: 'Key (categoria, documento, produto_cod, fornecedor, data_emissao, valor)=(setores, 1000026372, , EXPRESSO COLETIVO FORQUILHINHA LTDA, 2026-01-05, 500.00) already exists.',
  hint: undefined,
  position: undefined,
  internalPosition: undefined,
  internalQuery: undefined,
  where: undefined,
  schema: 'public',
  table: 'custos_registros',
  column: undefined,
  dataType: undefined,
  constraint: 'idx_custos_unique_upsert',
  file: 'nbtinsert.c',
  line: '667',
  routine: '_bt_check_unique'
}
[2026-04-01 18:00:52] [PEDIDOS] INFO: (node:102720) Warning: SECURITY WARNING: The SSL modes 'prefer', 'require', and 'verify-ca' are treated as aliases for 'verify-full'.
In the next major version (pg-connection-string v3.0.0 and pg v9.0.0), these modes will adopt standard libpq semantics, which have weaker security guarantees.

To prepare for this change:
- If you want the current behavior, explicitly use 'sslmode=verify-full'
- If you want libpq compatibility now, use 'uselibpqcompat=true&sslmode=require'

See https://www.postgresql.org/docs/current/libpq-ssl.html for libpq SSL mode definitions.
(Use `node --trace-warnings ...` to show where the warning was created)
